[manifest.json]
[gh/masterkn48/1saved_css_old_projects/cdn/css/bootstrap.min.css]
[css/sdb.css]
[font-awesome/4.3.0/css/font-awesome.min.css]
[npm/semantic-ui@2.4.2/dist/semantic.min.css]
[npm/bootstrap-icons@1.5.0/font/bootstrap-icons.css]
[css/styles.css]
[backblue.gif]
[fade.gif]
[index.html]
[favicon.ico]
[static/css/main.bb8ea5ff.chunk.css]
[gh/masterkn48/1saved_css_old_projects/cdn/js/jquery-3.4.1.min.js]
[gh/masterkn48/1saved_css_old_projects/cdn/js/popper.min.js]
[gh/masterkn48/1saved_css_old_projects/cdn/js/bootstrap.min.js]
[npm/bootstrap@5.0.1/dist/js/bootstrap.bundle.min.js]
[index-2.html]
[gh/masterkn48/1saved_css_old_projects/cdn/css/bootstrap.min.css]
[static/js/main.7a7640a2.chunk.js]
[img/overlays/01.html]
[img/overlays/02.html]
[img/overlays/03.html]
[img/overlays/04.html]
[img/overlays/05.html]
[img/overlays/06.html]
[img/overlays/07.html]
[img/overlays/08.html]
[static/js/3.4d37d3c6.chunk.js]
[gh/masterkn48/1saved_css_old_projects/cdn/js/sdb.min.js]
[img/overlays/09.html]
[img/svg/arrow_left.html]
[img/svg/arrow_right.html]
[img/lightbox/default-skin.html]
[img/lightbox/default-skin-2.html]
[img/lightbox/preloader.html]
[img/Photos/Others/sidenav1.jpg]
[img/Photos/Others/sidenav2.jpg]
[img/Photos/Others/sidenav3.jpg]
[img/Photos/Others/sidenav4.jpg]
[css/sdb.css]
[npm/semantic-ui@2.4.2/dist/themes/default/assets/images/flags.png]
[npm/semantic-ui@2.4.2/dist/themes/default/assets/fonts/icons.eot]
[npm/semantic-ui@2.4.2/dist/themes/default/assets/fonts/iconsd41d.eot]
[npm/semantic-ui@2.4.2/dist/themes/default/assets/fonts/icons.woff2]
[npm/semantic-ui@2.4.2/dist/themes/default/assets/fonts/icons.woff]
[npm/semantic-ui@2.4.2/dist/themes/default/assets/fonts/icons.ttf]
[npm/semantic-ui@2.4.2/dist/themes/default/assets/fonts/icons.svg]
[npm/semantic-ui@2.4.2/dist/themes/default/assets/fonts/outline-icons.eot]
[npm/semantic-ui@2.4.2/dist/themes/default/assets/fonts/outline-iconsd41d.eot]
[npm/semantic-ui@2.4.2/dist/themes/default/assets/fonts/outline-icons.woff2]
[npm/semantic-ui@2.4.2/dist/themes/default/assets/fonts/outline-icons.woff]
[npm/semantic-ui@2.4.2/dist/themes/default/assets/fonts/outline-icons.ttf]
[npm/semantic-ui@2.4.2/dist/themes/default/assets/fonts/outline-icons.svg]
[npm/semantic-ui@2.4.2/dist/themes/default/assets/fonts/brand-icons.eot]
[npm/semantic-ui@2.4.2/dist/themes/default/assets/fonts/brand-iconsd41d.eot]
[npm/semantic-ui@2.4.2/dist/themes/default/assets/fonts/brand-icons.woff2]
[npm/semantic-ui@2.4.2/dist/themes/default/assets/fonts/brand-icons.woff]
[npm/semantic-ui@2.4.2/dist/themes/default/assets/fonts/brand-icons.ttf]
[npm/semantic-ui@2.4.2/dist/semantic.min.css]
[npm/semantic-ui@2.4.2/dist/themes/default/assets/fonts/brand-icons.svg]
[css2a1f4.css]
[cssea9f.css]
[font-awesome/4.3.0/css/font-awesome.min.css]
[npm/bootstrap-icons@1.5.0/font/fonts/bootstrap-icons63f3.woff2]
[npm/bootstrap-icons@1.5.0/font/fonts/bootstrap-icons63f3.woff]
[npm/bootstrap-icons@1.5.0/font/bootstrap-icons.css]
[assets/img/bg-masthead.jpg]
[css/styles.css]
[font-awesome/4.7.0/css/font-awesome.min.css]
[static/css/main.bb8ea5ff.chunk.css]
[js/scripts.js]
[img/overlays/01.html]
[img/overlays/02.html]
[img/overlays/03.html]
[img/overlays/04.html]
[img/overlays/05.html]
[img/overlays/06.html]
[img/overlays/07.html]
[img/overlays/08.html]
[img/overlays/09.html]
[img/svg/arrow_left.html]
[img/svg/arrow_right.html]
[img/lightbox/default-skin.html]
[img/lightbox/default-skin-2.html]
[img/lightbox/preloader.html]
[css5e1f.css]
[npm/semantic-ui@2.4.2/dist/themes/default/assets/fonts/icons.svg]
[npm/semantic-ui@2.4.2/dist/themes/default/assets/fonts/outline-icons.svg]
[npm/semantic-ui@2.4.2/dist/themes/default/assets/fonts/brand-icons.svg]
[font-awesome/4.7.0/css/font-awesome.min.css]
[cssf41a.css]
